
[1m== local: ext4 -> ext4[0m
fixture: 20000 small files, 512 MiB single file
copy+paste  small cb-rs       320 ms   min    190   recorded, 20000 files
copy+paste  small cb          791 ms   min    784   20000 files
copy+paste  big cb-rs         160 ms   min    158   recorded, 1 files
copy+paste  big cb            360 ms   min    327   1 files
--- cut+paste small -> /home/runner/bench/cut_r
cut+paste   small cb-rs         1 ms   min      1   20000 files
cut+paste   small cb         1091 ms   min   1088   20000 files
--- cut+paste big -> /home/runner/bench/cut_r
cut+paste   big cb-rs           1 ms   min      1   1 files
cut+paste   big cb            430 ms   min    406   1 files

[1m== cross-fs: ext4 -> xfs[0m
copy+paste  512M cb-rs        177 ms   min    166   1 files
copy+paste  512M cb           307 ms   min    300   1 files
copy+paste  4k x4000 cb-rs     198 ms   min    117   4000 files
copy+paste  4k x4000 cb       181 ms   min    180   4000 files

[1m== cross-fs cut+paste: ext4 -> xfs[0m
--- cut+paste x -> /home/runner/work/cb-rs/cb-rs/mount-xfs/bench/d_r
cut+paste   x cb-rs           241 ms   min    232   1 files
cut+paste   x cb              374 ms   min    369   1 files
--- cut+paste y -> /home/runner/work/cb-rs/cb-rs/mount-xfs/bench/d_r
cut+paste   y cb-rs           253 ms   min    154   4000 files
cut+paste   y cb              257 ms   min    250   4000 files

[1m== reflink: xfs -> xfs[0m
copy+paste  512M cb-rs          1 ms   min      1   1 files
copy+paste  512M cb           274 ms   min    266   1 files

[1m== retention: 5 copy+paste round trips, nothing emptied in between[0m
copy+paste x5 cb-rs  3619 ms   min 3619 ms   clipboard now holds cb-rs 16K    cb 32K   
copy+paste x5 cb     9106 ms   min 9106 ms   clipboard now holds cb-rs 4.0K   cb 2.6G  

[1m== space[0m
Filesystem      Size  Used Avail Use% Mounted on
/dev/root       145G   62G   83G  43% /
/dev/loop0       10G  1.3G  8.8G  13% /home/runner/work/cb-rs/cb-rs/mount-xfs
